INIT median=0.6111
INIT model loaded
Loading 3 project files...
Loaded 45215 unique projects.
INIT 45214 projects spanning 2009-11-14 -> 2024-01-25
INIT scanning 184 windows (stride=4w, horizon=8w)
[1/184] 2009-11-09 SKIP n_up=2
[2/184] 2009-12-07 SKIP n_up=3
[3/184] 2010-01-04 SKIP n_up=2
[4/184] 2010-02-01 SKIP n_up=1
[5/184] 2010-03-01 SKIP n_up=2
Pre-cached context metrics for 8 weeks.
Cached 5438 RF tree estimators for optimization.
Built fast merged RF with 5438 trees.
[6/184] 2010-03-29 n_up=5 n_ctx=4 orig=0.4669 opt=0.5426 imp=+16.2% good 0->0 b2g=0 67.2s ok
Pre-cached context metrics for 8 weeks.
[7/184] 2010-04-26 n_up=12 n_ctx=4 orig=0.4373 opt=0.5405 imp=+23.6% good 0->1 b2g=0 179.6s ok
Pre-cached context metrics for 8 weeks.
[8/184] 2010-05-24 n_up=13 n_ctx=7 orig=0.4605 opt=0.5655 imp=+22.8% good 0->0 b2g=0 190.1s ok
Pre-cached context metrics for 8 weeks.
[9/184] 2010-06-21 n_up=9 n_ctx=13 orig=0.4759 opt=0.5593 imp=+17.5% good 0->1 b2g=1 171.4s ok
Pre-cached context metrics for 8 weeks.
[10/184] 2010-07-19 n_up=12 n_ctx=17 orig=0.4407 opt=0.5157 imp=+17.0% good 0->0 b2g=0 186.9s ok
Pre-cached context metrics for 8 weeks.
[11/184] 2010-08-16 n_up=11 n_ctx=19 orig=0.3986 opt=0.5240 imp=+31.5% good 0->0 b2g=0 105.0s ok
Pre-cached context metrics for 8 weeks.
[12/184] 2010-09-13 n_up=9 n_ctx=23 orig=0.4605 opt=0.5505 imp=+19.5% good 0->1 b2g=1 155.3s ok
Pre-cached context metrics for 8 weeks.
[13/184] 2010-10-11 n_up=17 n_ctx=15 orig=0.4974 opt=0.5526 imp=+11.1% good 0->1 b2g=1 193.3s ok
Pre-cached context metrics for 8 weeks.
[14/184] 2010-11-08 n_up=16 n_ctx=18 orig=0.4636 opt=0.5328 imp=+14.9% good 0->0 b2g=0 199.6s ok
Pre-cached context metrics for 8 weeks.
[15/184] 2010-12-06 n_up=21 n_ctx=23 orig=0.4669 opt=0.5290 imp=+13.3% good 0->0 b2g=0 196.9s ok
Pre-cached context metrics for 8 weeks.
[16/184] 2011-01-03 n_up=28 n_ctx=19 orig=0.4789 opt=0.5342 imp=+11.6% good 0->0 b2g=0 197.6s ok
Pre-cached context metrics for 8 weeks.
[17/184] 2011-01-31 n_up=35 n_ctx=28 orig=0.4789 opt=0.5375 imp=+12.2% good 0->0 b2g=0 201.1s ok
Pre-cached context metrics for 8 weeks.
[18/184] 2011-02-28 n_up=48 n_ctx=35 orig=0.4947 opt=0.5277 imp=+6.7% good 0->0 b2g=0 196.2s ok
Pre-cached context metrics for 8 weeks.
[19/184] 2011-03-28 n_up=48 n_ctx=46 orig=0.5030 opt=0.5473 imp=+8.8% good 0->0 b2g=0 196.4s ok
Pre-cached context metrics for 8 weeks.
[20/184] 2011-04-25 n_up=58 n_ctx=62 orig=0.5002 opt=0.5461 imp=+9.2% good 0->0 b2g=0 198.0s ok
Pre-cached context metrics for 8 weeks.
[21/184] 2011-05-23 n_up=66 n_ctx=60 orig=0.4964 opt=0.5435 imp=+9.5% good 0->0 b2g=0 199.2s ok
Pre-cached context metrics for 8 weeks.
[22/184] 2011-06-20 n_up=60 n_ctx=77 orig=0.5285 opt=0.5551 imp=+5.0% good 0->0 b2g=0 198.1s ok
Pre-cached context metrics for 8 weeks.
[23/184] 2011-07-18 n_up=49 n_ctx=70 orig=0.5371 opt=0.5597 imp=+4.2% good 0->0 b2g=0 197.1s ok
Pre-cached context metrics for 8 weeks.
[24/184] 2011-08-15 n_up=65 n_ctx=73 orig=0.5121 opt=0.5418 imp=+5.8% good 0->0 b2g=0 198.3s ok
Pre-cached context metrics for 8 weeks.
[25/184] 2011-09-12 n_up=85 n_ctx=61 orig=0.4853 opt=0.5412 imp=+11.5% good 0->0 b2g=0 199.7s ok
Pre-cached context metrics for 8 weeks.
[26/184] 2011-10-10 n_up=83 n_ctx=69 orig=0.4922 opt=0.5391 imp=+9.5% good 0->0 b2g=0 199.6s ok
Pre-cached context metrics for 8 weeks.
[27/184] 2011-11-07 n_up=76 n_ctx=74 orig=0.5110 opt=0.5369 imp=+5.1% good 0->0 b2g=0 199.1s ok
Pre-cached context metrics for 8 weeks.
[28/184] 2011-12-05 n_up=94 n_ctx=80 orig=0.5149 opt=0.5465 imp=+6.1% good 0->0 b2g=0 198.6s ok
Pre-cached context metrics for 8 weeks.
[29/184] 2012-01-02 n_up=135 n_ctx=57 orig=0.5274 opt=0.5534 imp=+4.9% good 0->0 b2g=0 198.3s ok
Pre-cached context metrics for 8 weeks.
[30/184] 2012-01-30 n_up=132 n_ctx=78 orig=0.5434 opt=0.5559 imp=+2.3% good 0->0 b2g=0 198.4s ok
[31/184] 2012-02-27 SKIP n_up=152
[32/184] 2012-03-26 SKIP n_up=195
[33/184] 2012-04-23 SKIP n_up=209
[34/184] 2012-05-21 SKIP n_up=201
[35/184] 2012-06-18 SKIP n_up=172
[36/184] 2012-07-16 SKIP n_up=160
[37/184] 2012-08-13 SKIP n_up=201
[38/184] 2012-09-10 SKIP n_up=271
[39/184] 2012-10-08 SKIP n_up=320
[40/184] 2012-11-05 SKIP n_up=288
[41/184] 2012-12-03 SKIP n_up=263
[42/184] 2012-12-31 SKIP n_up=394
[43/184] 2013-01-28 SKIP n_up=552
[44/184] 2013-02-25 SKIP n_up=615
[45/184] 2013-03-25 SKIP n_up=672
[46/184] 2013-04-22 SKIP n_up=735
[47/184] 2013-05-20 SKIP n_up=669
[48/184] 2013-06-17 SKIP n_up=489
[49/184] 2013-07-15 SKIP n_up=422
[50/184] 2013-08-12 SKIP n_up=538
[51/184] 2013-09-09 SKIP n_up=615
[52/184] 2013-10-07 SKIP n_up=720
[53/184] 2013-11-04 SKIP n_up=723
[54/184] 2013-12-02 SKIP n_up=657
[55/184] 2013-12-30 SKIP n_up=855
[56/184] 2014-01-27 SKIP n_up=1033
[57/184] 2014-02-24 SKIP n_up=1025
[58/184] 2014-03-24 SKIP n_up=1095
[59/184] 2014-04-21 SKIP n_up=1184
[60/184] 2014-05-19 SKIP n_up=971
[61/184] 2014-06-16 SKIP n_up=669
[62/184] 2014-07-14 SKIP n_up=569
[63/184] 2014-08-11 SKIP n_up=798
[64/184] 2014-09-08 SKIP n_up=1033
[65/184] 2014-10-06 SKIP n_up=1025
[66/184] 2014-11-03 SKIP n_up=882
[67/184] 2014-12-01 SKIP n_up=745
[68/184] 2014-12-29 SKIP n_up=907
[69/184] 2015-01-26 SKIP n_up=1165
[70/184] 2015-02-23 SKIP n_up=1293
[71/184] 2015-03-23 SKIP n_up=1277
[72/184] 2015-04-20 SKIP n_up=1316
[73/184] 2015-05-18 SKIP n_up=1132
[74/184] 2015-06-15 SKIP n_up=720
[75/184] 2015-07-13 SKIP n_up=596
[76/184] 2015-08-10 SKIP n_up=865
[77/184] 2015-09-07 SKIP n_up=1016
[78/184] 2015-10-05 SKIP n_up=947
[79/184] 2015-11-02 SKIP n_up=854
[80/184] 2015-11-30 SKIP n_up=695
[81/184] 2015-12-28 SKIP n_up=852
[82/184] 2016-01-25 SKIP n_up=1085
[83/184] 2016-02-22 SKIP n_up=1115
[84/184] 2016-03-21 SKIP n_up=1149
[85/184] 2016-04-18 SKIP n_up=1254
[86/184] 2016-05-16 SKIP n_up=1007
[87/184] 2016-06-13 SKIP n_up=536
[88/184] 2016-07-11 SKIP n_up=372
[89/184] 2016-08-08 SKIP n_up=514
[90/184] 2016-09-05 SKIP n_up=692
[91/184] 2016-10-03 SKIP n_up=758
[92/184] 2016-10-31 SKIP n_up=673
[93/184] 2016-11-28 SKIP n_up=534
[94/184] 2016-12-26 SKIP n_up=686
[95/184] 2017-01-23 SKIP n_up=911
[96/184] 2017-02-20 SKIP n_up=883
[97/184] 2017-03-20 SKIP n_up=859
[98/184] 2017-04-17 SKIP n_up=900
[99/184] 2017-05-15 SKIP n_up=791
[100/184] 2017-06-12 SKIP n_up=475
[101/184] 2017-07-10 SKIP n_up=287
[102/184] 2017-08-07 SKIP n_up=426
[103/184] 2017-09-04 SKIP n_up=579
[104/184] 2017-10-02 SKIP n_up=639
[105/184] 2017-10-30 SKIP n_up=596
[106/184] 2017-11-27 SKIP n_up=457
[107/184] 2017-12-25 SKIP n_up=612
[108/184] 2018-01-22 SKIP n_up=842
[109/184] 2018-02-19 SKIP n_up=927
[110/184] 2018-03-19 SKIP n_up=870
[111/184] 2018-04-16 SKIP n_up=862
[112/184] 2018-05-14 SKIP n_up=794
[113/184] 2018-06-11 SKIP n_up=450
[114/184] 2018-07-09 SKIP n_up=303
[115/184] 2018-08-06 SKIP n_up=443
[116/184] 2018-09-03 SKIP n_up=614
[117/184] 2018-10-01 SKIP n_up=628
[118/184] 2018-10-29 SKIP n_up=518
[119/184] 2018-11-26 SKIP n_up=399
[120/184] 2018-12-24 SKIP n_up=529
[121/184] 2019-01-21 SKIP n_up=730
[122/184] 2019-02-18 SKIP n_up=799
[123/184] 2019-03-18 SKIP n_up=844
[124/184] 2019-04-15 SKIP n_up=829
[125/184] 2019-05-13 SKIP n_up=651
[126/184] 2019-06-10 SKIP n_up=370
[127/184] 2019-07-08 SKIP n_up=240
[128/184] 2019-08-05 SKIP n_up=343
[129/184] 2019-09-02 SKIP n_up=497
[130/184] 2019-09-30 SKIP n_up=586
[131/184] 2019-10-28 SKIP n_up=519
[132/184] 2019-11-25 SKIP n_up=371
[133/184] 2019-12-23 SKIP n_up=441
[134/184] 2020-01-20 SKIP n_up=504
[135/184] 2020-02-17 SKIP n_up=371
[136/184] 2020-03-16 SKIP n_up=423
[137/184] 2020-04-13 SKIP n_up=484
[138/184] 2020-05-11 SKIP n_up=429
[139/184] 2020-06-08 SKIP n_up=341
[140/184] 2020-07-06 SKIP n_up=277
[141/184] 2020-08-03 SKIP n_up=377
[142/184] 2020-08-31 SKIP n_up=477
[143/184] 2020-09-28 SKIP n_up=526
[144/184] 2020-10-26 SKIP n_up=511
[145/184] 2020-11-23 SKIP n_up=395
[146/184] 2020-12-21 SKIP n_up=370
[147/184] 2021-01-18 SKIP n_up=465
[148/184] 2021-02-15 SKIP n_up=517
[149/184] 2021-03-15 SKIP n_up=556
[150/184] 2021-04-12 SKIP n_up=576
[151/184] 2021-05-10 SKIP n_up=515
[152/184] 2021-06-07 SKIP n_up=354
[153/184] 2021-07-05 SKIP n_up=232
[154/184] 2021-08-02 SKIP n_up=313
[155/184] 2021-08-30 SKIP n_up=444
[156/184] 2021-09-27 SKIP n_up=458
[157/184] 2021-10-25 SKIP n_up=437
[158/184] 2021-11-22 SKIP n_up=353
[159/184] 2021-12-20 SKIP n_up=346
[160/184] 2022-01-17 SKIP n_up=466
[161/184] 2022-02-14 SKIP n_up=492
[162/184] 2022-03-14 SKIP n_up=450
[163/184] 2022-04-11 SKIP n_up=442
[164/184] 2022-05-09 SKIP n_up=421
[165/184] 2022-06-06 SKIP n_up=311
[166/184] 2022-07-04 SKIP n_up=207
[167/184] 2022-08-01 SKIP n_up=250
[168/184] 2022-08-29 SKIP n_up=364
[169/184] 2022-09-26 SKIP n_up=382
[170/184] 2022-10-24 SKIP n_up=322
[171/184] 2022-11-21 SKIP n_up=221
[172/184] 2022-12-19 SKIP n_up=239
[173/184] 2023-01-16 SKIP n_up=327
[174/184] 2023-02-13 SKIP n_up=366
[175/184] 2023-03-13 SKIP n_up=378
[176/184] 2023-04-10 SKIP n_up=388
[177/184] 2023-05-08 SKIP n_up=395
[178/184] 2023-06-05 SKIP n_up=306
[179/184] 2023-07-03 SKIP n_up=208
[180/184] 2023-07-31 SKIP n_up=215
[181/184] 2023-08-28 SKIP n_up=268
[182/184] 2023-09-25 SKIP n_up=313
[183/184] 2023-10-23 SKIP n_up=291
[184/184] 2023-11-20 SKIP n_up=160
DONE total_hits=0 csv=window_search_results.csv
